Processing esp32dev (platform: espressif32; board: esp32dev; framework: arduino)
--------------------------------------------------------------------------------
Verbose mode can be enabled via `-v, --verbose` option
CONFIGURATION: https://docs.platformio.org/page/boards/espressif32/esp32dev.html
PLATFORM: Espressif 32 (6.8.0) > Espressif ESP32 Dev Module
HARDWARE: ESP32 240MHz, 320KB RAM, 4MB Flash
DEBUG: Current (cmsis-dap) External (cmsis-dap, esp-bridge, esp-prog, iot-bus-jtag, jlink, minimodule, olimex-arm-usb-ocd, olimex-arm-usb-ocd-h, olimex-arm-usb-tiny-h, olimex-jtag-tiny, tumpa)
PACKAGES: 
 - framework-arduinoespressif32 @ 3.20017.241212+sha.dcc1105b 
 - tool-esptoolpy @ 1.40501.0 (4.5.1) 
 - tool-openocd-esp32 @ 2.1100.20220706 (11.0) 
 - toolchain-xtensa-esp32 @ 8.4.0+2021r2-patch5
LDF: Library Dependency Finder -> https://bit.ly/configure-pio-ldf
LDF Modes: Finder ~ chain, Compatibility ~ soft
Found 39 compatible libraries
Scanning dependencies...
Dependency Graph
|-- ArduinoJson @ 7.4.2
|-- PsychicHttp @ 2.1.1
|-- LiquidCrystal_I2C @ 1.1.4
|-- LittleFS @ 2.0.0
|-- Preferences @ 2.0.0
|-- Wire @ 2.0.0
|-- WiFi @ 2.0.0
|-- Ethernet @ 2.0.0
|-- ArduinoOTA @ 2.0.0
|-- DNSServer @ 2.0.0
|-- SPIFFS @ 2.0.0
|-- FS @ 2.0.0
Building in release mode
Compiling .pio\build\esp32dev\src\alarm_history.cpp.o
Compiling .pio\build\esp32dev\src\altivar31_modbus.cpp.o
Compiling .pio\build\esp32dev\src\api_config.cpp.o
Compiling .pio\build\esp32dev\src\api_endpoints.cpp.o
Compiling .pio\build\esp32dev\src\api_file_manager.cpp.o
Compiling .pio\build\esp32dev\src\api_ota_updater.cpp.o
Compiling .pio\build\esp32dev\src\api_rate_limiter.cpp.o
Compiling .pio\build\esp32dev\src\auth_manager.cpp.o
Compiling .pio\build\esp32dev\src\auto_report.cpp.o
Compiling .pio\build\esp32dev\src\axis_synchronization.cpp.o
Compiling .pio\build\esp32dev\src\board_inputs.cpp.o
Compiling .pio\build\esp32dev\src\boot_validation.cpp.o
Compiling .pio\build\esp32dev\src\calibration.cpp.o
Compiling .pio\build\esp32dev\src\cli_base.cpp.o
Compiling .pio\build\esp32dev\src\cli_calib.cpp.o
Compiling .pio\build\esp32dev\src\cli_config.cpp.o
Compiling .pio\build\esp32dev\src\cli_diag.cpp.o
Compiling .pio\build\esp32dev\src\cli_i2c.cpp.o
Compiling .pio\build\esp32dev\src\cli_job.cpp.o
Compiling .pio\build\esp32dev\src\cli_lcd.cpp.o
Compiling .pio\build\esp32dev\src\cli_motion.cpp.o
Compiling .pio\build\esp32dev\src\cli_net.cpp.o
Compiling .pio\build\esp32dev\src\config_manager.cpp.o
Compiling .pio\build\esp32dev\src\config_migration.cpp.o
Compiling .pio\build\esp32dev\src\config_safe_access.cpp.o
Compiling .pio\build\esp32dev\src\config_schema_versioning.cpp.o
Compiling .pio\build\esp32dev\src\config_unified.cpp.o
Compiling .pio\build\esp32dev\src\config_validator.cpp.o
Compiling .pio\build\esp32dev\src\config_validator_schema.cpp.o
Compiling .pio\build\esp32dev\src\cutting_analytics.cpp.o
Compiling .pio\build\esp32dev\src\dashboard_metrics.cpp.o
Compiling .pio\build\esp32dev\src\encoder_calibration.cpp.o
Compiling .pio\build\esp32dev\src\encoder_comm_stats.cpp.o
Compiling .pio\build\esp32dev\src\encoder_deviation.cpp.o
Compiling .pio\build\esp32dev\src\encoder_diagnostics.cpp.o
Compiling .pio\build\esp32dev\src\encoder_hal.cpp.o
Compiling .pio\build\esp32dev\src\encoder_motion_integration.cpp.o
Compiling .pio\build\esp32dev\src\encoder_wj66.cpp.o
Compiling .pio\build\esp32dev\src\fault_logging.cpp.o
Compiling .pio\build\esp32dev\src\fault_recovery.cpp.o
Compiling .pio\build\esp32dev\src\firmware_selftest.cpp.o
Compiling .pio\build\esp32dev\src\firmware_version.cpp.o
Compiling .pio\build\esp32dev\src\gcode_parser.cpp.o
Compiling .pio\build\esp32dev\src\hardware_config.cpp.o
Compiling .pio\build\esp32dev\src\i2c_bus_recovery.cpp.o
Compiling .pio\build\esp32dev\src\input_validation.cpp.o
Compiling .pio\build\esp32dev\src\job_manager.cpp.o
Compiling .pio\build\esp32dev\src\job_recovery.cpp.o
Compiling .pio\build\esp32dev\src\jxk10_modbus.cpp.o
Compiling .pio\build\esp32dev\src\lcd_formatter.cpp.o
Compiling .pio\build\esp32dev\src\lcd_interface.cpp.o
Compiling .pio\build\esp32dev\src\lcd_message.cpp.o
Compiling .pio\build\esp32dev\src\lcd_sleep.cpp.o
Compiling .pio\build\esp32dev\src\load_manager.cpp.o
Compiling .pio\build\esp32dev\src\log_rate_limiter.cpp.o
Compiling .pio\build\esp32dev\src\main.cpp.o
Compiling .pio\build\esp32dev\src\memory_monitor.cpp.o
Compiling .pio\build\esp32dev\src\modbus_rtu.cpp.o
Compiling .pio\build\esp32dev\src\motion_buffer.cpp.o
Compiling .pio\build\esp32dev\src\motion_control.cpp.o
Compiling .pio\build\esp32dev\src\motion_planner.cpp.o
Compiling .pio\build\esp32dev\src\motion_state_machine.cpp.o
C:\Users\sjfau\.platformio\penv\Scripts\pio.exe : In file included from C:/Users/
sjfau/.platformio/packages/framework-arduinoespressif32/tools/sdk/esp32/include/f
reertos/include/esp_additions/freertos/FreeRTOSConfig.h:10,
At line:1 char:82
+ ...  esp32dev ; C:\Users\sjfau\.platformio\penv\Scripts\pio.exe run -e es ...
+                 ~~~~~~~~~~~~~~~~~~~~~~~~~~~~~~~~~~~~~~~~~~~~~~~~~~~~~~~~~
    + CategoryInfo          : NotSpecified: (In file include...TOSConfig.h:10,:S 
   tring) [], RemoteException
    + FullyQualifiedErrorId : NativeCommandError
 
                 from C:/Users/sjfau/.platformio/packages/framework-arduinoespres
sif32/tools/sdk/esp32/include/freertos/include/freertos/FreeRTOS.h:57,
                 from include/motion_buffer.h:12,
                 from src/motion_buffer.cpp:8:
C:/Users/sjfau/.platformio/packages/framework-arduinoespressif32/tools/sdk/esp32/
dio_qspi/include/sdkconfig.h:484: warning: "CONFIG_LWIP_TCP_SND_BUF_DEFAULT" 
redefined
 #define CONFIG_LWIP_TCP_SND_BUF_DEFAULT 5760
 
<command-line>: note: this is the location of the previous definition
In file included from C:/Users/sjfau/.platformio/packages/framework-arduinoespres
sif32/tools/sdk/esp32/include/freertos/include/esp_additions/freertos/FreeRTOSCon
fig.h:10,
                 from C:/Users/sjfau/.platformio/packages/framework-arduinoespres
sif32/tools/sdk/esp32/include/freertos/include/freertos/FreeRTOS.h:57,
                 from include/motion_buffer.h:12,
                 from src/motion_buffer.cpp:8:
C:/Users/sjfau/.platformio/packages/framework-arduinoespressif32/tools/sdk/esp32/
dio_qspi/include/sdkconfig.h:485: warning: "CONFIG_LWIP_TCP_WND_DEFAULT" 
redefined
 #define CONFIG_LWIP_TCP_WND_DEFAULT 5760
 
<command-line>: note: this is the location of the previous definition
In file included from C:/Users/sjfau/.platformio/packages/framework-arduinoespres
sif32/tools/sdk/esp32/include/freertos/include/esp_additions/freertos/FreeRTOSCon
fig.h:10,
                 from C:/Users/sjfau/.platformio/packages/framework-arduinoespres
sif32/tools/sdk/esp32/include/freertos/include/freertos/FreeRTOS.h:57,
                 from include/motion_buffer.h:12,
                 from src/motion_buffer.cpp:8:
C:/Users/sjfau/.platformio/packages/framework-arduinoespressif32/tools/sdk/esp32/
dio_qspi/include/sdkconfig.h:486: warning: "CONFIG_LWIP_TCP_RECVMBOX_SIZE" 
redefined
 #define CONFIG_LWIP_TCP_RECVMBOX_SIZE 6
 
<command-line>: note: this is the location of the previous definition
In file included from C:/Users/sjfau/.platformio/packages/framework-arduinoespres
sif32/tools/sdk/esp32/include/freertos/include/esp_additions/freertos/FreeRTOSCon
fig.h:10,
                 from C:/Users/sjfau/.platformio/packages/framework-arduinoespres
sif32/tools/sdk/esp32/include/freertos/include/freertos/FreeRTOS.h:57,
                 from include/motion_state_machine.h:12,
                 from src/motion_state_machine.cpp:7:
C:/Users/sjfau/.platformio/packages/framework-arduinoespressif32/tools/sdk/esp32/
dio_qspi/include/sdkconfig.h:484: warning: "CONFIG_LWIP_TCP_SND_BUF_DEFAULT" 
redefined
 #define CONFIG_LWIP_TCP_SND_BUF_DEFAULT 5760
 
<command-line>: note: this is the location of the previous definition
In file included from C:/Users/sjfau/.platformio/packages/framework-arduinoespres
sif32/tools/sdk/esp32/include/freertos/include/esp_additions/freertos/FreeRTOSCon
fig.h:10,
                 from C:/Users/sjfau/.platformio/packages/framework-arduinoespres
sif32/tools/sdk/esp32/include/freertos/include/freertos/FreeRTOS.h:57,
                 from include/motion_state_machine.h:12,
                 from src/motion_state_machine.cpp:7:
C:/Users/sjfau/.platformio/packages/framework-arduinoespressif32/tools/sdk/esp32/
dio_qspi/include/sdkconfig.h:485: warning: "CONFIG_LWIP_TCP_WND_DEFAULT" 
redefined
 #define CONFIG_LWIP_TCP_WND_DEFAULT 5760
 
<command-line>: note: this is the location of the previous definition
In file included from C:/Users/sjfau/.platformio/packages/framework-arduinoespres
sif32/tools/sdk/esp32/include/freertos/include/esp_additions/freertos/FreeRTOSCon
fig.h:10,
                 from C:/Users/sjfau/.platformio/packages/framework-arduinoespres
sif32/tools/sdk/esp32/include/freertos/include/freertos/FreeRTOS.h:57,
                 from include/motion_state_machine.h:12,
                 from src/motion_state_machine.cpp:7:
C:/Users/sjfau/.platformio/packages/framework-arduinoespressif32/tools/sdk/esp32/
dio_qspi/include/sdkconfig.h:486: warning: "CONFIG_LWIP_TCP_RECVMBOX_SIZE" 
redefined
 #define CONFIG_LWIP_TCP_RECVMBOX_SIZE 6
 
<command-line>: note: this is the location of the previous definition
Compiling .pio\build\esp32dev\src\network_manager.cpp.o
Compiling .pio\build\esp32dev\src\openapi.cpp.o
Compiling .pio\build\esp32dev\src\operator_alerts.cpp.o
Compiling .pio\build\esp32dev\src\plc_iface.cpp.o
Compiling .pio\build\esp32dev\src\rs485_device_registry.cpp.o
Compiling .pio\build\esp32dev\src\safety.cpp.o
Compiling .pio\build\esp32dev\src\safety_state_machine.cpp.o
Compiling .pio\build\esp32dev\src\serial_logger.cpp.o
Compiling .pio\build\esp32dev\src\spindle_current_monitor.cpp.o
Compiling .pio\build\esp32dev\src\string_safety.cpp.o
Compiling .pio\build\esp32dev\src\system_constants.cpp.o
Compiling .pio\build\esp32dev\src\system_events.cpp.o
Compiling .pio\build\esp32dev\src\system_telemetry.cpp.o
Compiling .pio\build\esp32dev\src\system_utilities.cpp.o
In file included from C:/Users/sjfau/.platformio/packages/framework-arduinoespres
sif32/tools/sdk/esp32/include/freertos/include/esp_additions/freertos/FreeRTOSCon
fig.h:10,
                 from C:/Users/sjfau/.platformio/packages/framework-arduinoespres
sif32/tools/sdk/esp32/include/freertos/include/freertos/FreeRTOS.h:57,
                 from include/system_events.h:19,
                 from src/system_events.cpp:7:
C:/Users/sjfau/.platformio/packages/framework-arduinoespressif32/tools/sdk/esp32/
dio_qspi/include/sdkconfig.h:484: warning: "CONFIG_LWIP_TCP_SND_BUF_DEFAULT" 
redefined
 #define CONFIG_LWIP_TCP_SND_BUF_DEFAULT 5760
 
<command-line>: note: this is the location of the previous definition
In file included from C:/Users/sjfau/.platformio/packages/framework-arduinoespres
sif32/tools/sdk/esp32/include/freertos/include/esp_additions/freertos/FreeRTOSCon
fig.h:10,
                 from C:/Users/sjfau/.platformio/packages/framework-arduinoespres
sif32/tools/sdk/esp32/include/freertos/include/freertos/FreeRTOS.h:57,
                 from include/system_events.h:19,
                 from src/system_events.cpp:7:
C:/Users/sjfau/.platformio/packages/framework-arduinoespressif32/tools/sdk/esp32/
dio_qspi/include/sdkconfig.h:485: warning: "CONFIG_LWIP_TCP_WND_DEFAULT" 
redefined
 #define CONFIG_LWIP_TCP_WND_DEFAULT 5760
 
<command-line>: note: this is the location of the previous definition
In file included from C:/Users/sjfau/.platformio/packages/framework-arduinoespres
sif32/tools/sdk/esp32/include/freertos/include/esp_additions/freertos/FreeRTOSCon
fig.h:10,
                 from C:/Users/sjfau/.platformio/packages/framework-arduinoespres
sif32/tools/sdk/esp32/include/freertos/include/freertos/FreeRTOS.h:57,
                 from include/system_events.h:19,
                 from src/system_events.cpp:7:
C:/Users/sjfau/.platformio/packages/framework-arduinoespressif32/tools/sdk/esp32/
dio_qspi/include/sdkconfig.h:486: warning: "CONFIG_LWIP_TCP_RECVMBOX_SIZE" 
redefined
 #define CONFIG_LWIP_TCP_RECVMBOX_SIZE 6
 
<command-line>: note: this is the location of the previous definition
Compiling .pio\build\esp32dev\src\task_manager.cpp.o
Compiling .pio\build\esp32dev\src\task_performance_monitor.cpp.o
Compiling .pio\build\esp32dev\src\task_stall_detection.cpp.o
Compiling .pio\build\esp32dev\src\tasks_cli.cpp.o
Compiling .pio\build\esp32dev\src\tasks_encoder.cpp.o
Compiling .pio\build\esp32dev\src\tasks_fault_log.cpp.o
Compiling .pio\build\esp32dev\src\tasks_i2c_manager.cpp.o
Compiling .pio\build\esp32dev\src\tasks_lcd.cpp.o
Compiling .pio\build\esp32dev\src\tasks_lcd_formatter.cpp.o
Compiling .pio\build\esp32dev\src\tasks_monitor.cpp.o
Compiling .pio\build\esp32dev\src\tasks_motion.cpp.o
Compiling .pio\build\esp32dev\src\tasks_plc.cpp.o
Compiling .pio\build\esp32dev\src\tasks_safety.cpp.o
Compiling .pio\build\esp32dev\src\tasks_telemetry.cpp.o
Compiling .pio\build\esp32dev\src\timeout_manager.cpp.o
Compiling .pio\build\esp32dev\src\vfd_current_calibration.cpp.o
Compiling .pio\build\esp32dev\src\watchdog_manager.cpp.o
Compiling .pio\build\esp32dev\src\web_server.cpp.o
Compiling .pio\build\esp32dev\src\yhtc05_modbus.cpp.o
Building .pio\build\esp32dev\bootloader.bin
Generating partitions .pio\build\esp32dev\partitions.bin
esptool.py v4.5.1
Creating esp32 image...
Merged 1 ELF section
Successfully created esp32 image.
Compiling .pio\build\esp32dev\lib435\UrlEncode\UrlEncode.cpp.o
Compiling .pio\build\esp32dev\libc42\WiFi\WiFi.cpp.o
Compiling .pio\build\esp32dev\libc42\WiFi\WiFiAP.cpp.o
Compiling .pio\build\esp32dev\libc42\WiFi\WiFiClient.cpp.o
Compiling .pio\build\esp32dev\libc42\WiFi\WiFiGeneric.cpp.o
Compiling .pio\build\esp32dev\libc42\WiFi\WiFiMulti.cpp.o
Compiling .pio\build\esp32dev\libc42\WiFi\WiFiSTA.cpp.o
Compiling .pio\build\esp32dev\libc42\WiFi\WiFiScan.cpp.o
Compiling .pio\build\esp32dev\libc42\WiFi\WiFiServer.cpp.o
Compiling .pio\build\esp32dev\libc42\WiFi\WiFiUdp.cpp.o
Compiling .pio\build\esp32dev\lib286\Ethernet\ETH.cpp.o
Archiving .pio\build\esp32dev\lib435\libUrlEncode.a
In file included from C:/Users/sjfau/.platformio/packages/framework-arduinoespres
sif32/libraries/Ethernet/src/ETH.cpp:21:
C:/Users/sjfau/.platformio/packages/framework-arduinoespressif32/tools/sdk/esp32/
dio_qspi/include/sdkconfig.h:484: warning: "CONFIG_LWIP_TCP_SND_BUF_DEFAULT" 
redefined
 #define CONFIG_LWIP_TCP_SND_BUF_DEFAULT 5760
 
<command-line>: note: this is the location of the previous definition
In file included from C:/Users/sjfau/.platformio/packages/framework-arduinoespres
sif32/libraries/Ethernet/src/ETH.cpp:21:
C:/Users/sjfau/.platformio/packages/framework-arduinoespressif32/tools/sdk/esp32/
dio_qspi/include/sdkconfig.h:485: warning: "CONFIG_LWIP_TCP_WND_DEFAULT" 
redefined
 #define CONFIG_LWIP_TCP_WND_DEFAULT 5760
 
<command-line>: note: this is the location of the previous definition
In file included from C:/Users/sjfau/.platformio/packages/framework-arduinoespres
sif32/libraries/Ethernet/src/ETH.cpp:21:
C:/Users/sjfau/.platformio/packages/framework-arduinoespressif32/tools/sdk/esp32/
dio_qspi/include/sdkconfig.h:486: warning: "CONFIG_LWIP_TCP_RECVMBOX_SIZE" 
redefined
 #define CONFIG_LWIP_TCP_RECVMBOX_SIZE 6
 
<command-line>: note: this is the location of the previous definition
Compiling .pio\build\esp32dev\libcf8\FS\FS.cpp.o
Compiling .pio\build\esp32dev\libcf8\FS\vfs_api.cpp.o
Compiling .pio\build\esp32dev\lib1cf\PsychicHttp\ChunkPrinter.cpp.o
Compiling .pio\build\esp32dev\lib1cf\PsychicHttp\MultipartProcessor.cpp.o
Compiling .pio\build\esp32dev\lib1cf\PsychicHttp\PsychicClient.cpp.o
Compiling .pio\build\esp32dev\lib1cf\PsychicHttp\PsychicEndpoint.cpp.o
Compiling .pio\build\esp32dev\lib1cf\PsychicHttp\PsychicEventSource.cpp.o
Compiling .pio\build\esp32dev\lib1cf\PsychicHttp\PsychicFileResponse.cpp.o
Compiling .pio\build\esp32dev\lib1cf\PsychicHttp\PsychicHandler.cpp.o
Compiling .pio\build\esp32dev\lib1cf\PsychicHttp\PsychicHttpServer.cpp.o
Archiving .pio\build\esp32dev\libc42\libWiFi.a
Compiling .pio\build\esp32dev\lib1cf\PsychicHttp\PsychicHttpsServer.cpp.o
In file included from 
.pio/libdeps/esp32dev/PsychicHttp/src/PsychicHttpsServer.h:4,
                 from 
.pio/libdeps/esp32dev/PsychicHttp/src/PsychicHttpsServer.cpp:1:
C:/Users/sjfau/.platformio/packages/framework-arduinoespressif32/tools/sdk/esp32/
dio_qspi/include/sdkconfig.h:484: warning: "CONFIG_LWIP_TCP_SND_BUF_DEFAULT" 
redefined
 #define CONFIG_LWIP_TCP_SND_BUF_DEFAULT 5760
 
<command-line>: note: this is the location of the previous definition
In file included from 
.pio/libdeps/esp32dev/PsychicHttp/src/PsychicHttpsServer.h:4,
                 from 
.pio/libdeps/esp32dev/PsychicHttp/src/PsychicHttpsServer.cpp:1:
C:/Users/sjfau/.platformio/packages/framework-arduinoespressif32/tools/sdk/esp32/
dio_qspi/include/sdkconfig.h:485: warning: "CONFIG_LWIP_TCP_WND_DEFAULT" 
redefined
 #define CONFIG_LWIP_TCP_WND_DEFAULT 5760
 
<command-line>: note: this is the location of the previous definition
In file included from 
.pio/libdeps/esp32dev/PsychicHttp/src/PsychicHttpsServer.h:4,
                 from 
.pio/libdeps/esp32dev/PsychicHttp/src/PsychicHttpsServer.cpp:1:
C:/Users/sjfau/.platformio/packages/framework-arduinoespressif32/tools/sdk/esp32/
dio_qspi/include/sdkconfig.h:486: warning: "CONFIG_LWIP_TCP_RECVMBOX_SIZE" 
redefined
 #define CONFIG_LWIP_TCP_RECVMBOX_SIZE 6
 
<command-line>: note: this is the location of the previous definition
Archiving .pio\build\esp32dev\lib286\libEthernet.a
Compiling .pio\build\esp32dev\lib1cf\PsychicHttp\PsychicJson.cpp.o
Compiling .pio\build\esp32dev\lib1cf\PsychicHttp\PsychicMiddleware.cpp.o
Archiving .pio\build\esp32dev\libcf8\libFS.a
Compiling .pio\build\esp32dev\lib1cf\PsychicHttp\PsychicMiddlewareChain.cpp.o
Compiling .pio\build\esp32dev\lib1cf\PsychicHttp\PsychicMiddlewares.cpp.o
Compiling .pio\build\esp32dev\lib1cf\PsychicHttp\PsychicRequest.cpp.o
Compiling .pio\build\esp32dev\lib1cf\PsychicHttp\PsychicResponse.cpp.o
Compiling .pio\build\esp32dev\lib1cf\PsychicHttp\PsychicRewrite.cpp.o
Compiling .pio\build\esp32dev\lib1cf\PsychicHttp\PsychicStaticFileHander.cpp.o
Compiling .pio\build\esp32dev\lib1cf\PsychicHttp\PsychicStreamResponse.cpp.o
Compiling .pio\build\esp32dev\lib1cf\PsychicHttp\PsychicUploadHandler.cpp.o
Compiling .pio\build\esp32dev\lib1cf\PsychicHttp\PsychicWebHandler.cpp.o
Compiling .pio\build\esp32dev\lib1cf\PsychicHttp\PsychicWebSocket.cpp.o
Compiling .pio\build\esp32dev\lib1cf\PsychicHttp\TemplatePrinter.cpp.o
Compiling .pio\build\esp32dev\lib1cf\PsychicHttp\async_worker.cpp.o
Compiling .pio\build\esp32dev\lib1cf\PsychicHttp\http_status.cpp.o
Compiling .pio\build\esp32dev\lib694\Wire\Wire.cpp.o
Compiling .pio\build\esp32dev\libd46\LiquidCrystal_I2C\LiquidCrystal_I2C.cpp.o
Compiling .pio\build\esp32dev\libdd3\LittleFS\LittleFS.cpp.o
Compiling .pio\build\esp32dev\lib5bc\Preferences\Preferences.cpp.o
Compiling .pio\build\esp32dev\lib5f5\Update\HttpsOTAUpdate.cpp.o
Compiling .pio\build\esp32dev\lib5f5\Update\Updater.cpp.o
Compiling .pio\build\esp32dev\lib7d1\ESPmDNS\ESPmDNS.cpp.o
Compiling .pio\build\esp32dev\libb8c\ArduinoOTA\ArduinoOTA.cpp.o
Compiling .pio\build\esp32dev\lib80d\DNSServer\DNSServer.cpp.o
Archiving .pio\build\esp32dev\lib1cf\libPsychicHttp.a
Compiling .pio\build\esp32dev\lib402\SPIFFS\SPIFFS.cpp.o
Archiving .pio\build\esp32dev\lib694\libWire.a
Compiling .pio\build\esp32dev\FrameworkArduino\Esp.cpp.o
Archiving .pio\build\esp32dev\libd46\libLiquidCrystal_I2C.a
Compiling .pio\build\esp32dev\FrameworkArduino\FirmwareMSC.cpp.o
Compiling .pio\build\esp32dev\FrameworkArduino\FunctionalInterrupt.cpp.o
Compiling .pio\build\esp32dev\FrameworkArduino\HWCDC.cpp.o
Compiling .pio\build\esp32dev\FrameworkArduino\HardwareSerial.cpp.o
In file included from C:/Users/sjfau/.platformio/packages/framework-arduinoespres
sif32/cores/esp32/USB.h:16,
                 from C:/Users/sjfau/.platformio/packages/framework-arduinoespres
sif32/cores/esp32/HWCDC.cpp:14:
C:/Users/sjfau/.platformio/packages/framework-arduinoespressif32/tools/sdk/esp32/
dio_qspi/include/sdkconfig.h:484: warning: "CONFIG_LWIP_TCP_SND_BUF_DEFAULT" 
redefined
 #define CONFIG_LWIP_TCP_SND_BUF_DEFAULT 5760
 
<command-line>: note: this is the location of the previous definition
In file included from C:/Users/sjfau/.platformio/packages/framework-arduinoespres
sif32/cores/esp32/USB.h:16,
                 from C:/Users/sjfau/.platformio/packages/framework-arduinoespres
sif32/cores/esp32/HWCDC.cpp:14:
C:/Users/sjfau/.platformio/packages/framework-arduinoespressif32/tools/sdk/esp32/
dio_qspi/include/sdkconfig.h:485: warning: "CONFIG_LWIP_TCP_WND_DEFAULT" 
redefined
 #define CONFIG_LWIP_TCP_WND_DEFAULT 5760
 
<command-line>: note: this is the location of the previous definition
In file included from C:/Users/sjfau/.platformio/packages/framework-arduinoespres
sif32/cores/esp32/USB.h:16,
                 from C:/Users/sjfau/.platformio/packages/framework-arduinoespres
sif32/cores/esp32/HWCDC.cpp:14:
C:/Users/sjfau/.platformio/packages/framework-arduinoespressif32/tools/sdk/esp32/
dio_qspi/include/sdkconfig.h:486: warning: "CONFIG_LWIP_TCP_RECVMBOX_SIZE" 
redefined
 #define CONFIG_LWIP_TCP_RECVMBOX_SIZE 6
 
<command-line>: note: this is the location of the previous definition
Archiving .pio\build\esp32dev\libdd3\libLittleFS.a
In file included from C:/Users/sjfau/.platformio/packages/framework-arduinoespres
sif32/cores/esp32/USBMSC.h:18,
                 from C:/Users/sjfau/.platformio/packages/framework-arduinoespres
sif32/cores/esp32/FirmwareMSC.h:17,
                 from C:/Users/sjfau/.platformio/packages/framework-arduinoespres
sif32/cores/esp32/FirmwareMSC.cpp:14:
C:/Users/sjfau/.platformio/packages/framework-arduinoespressif32/tools/sdk/esp32/
dio_qspi/include/sdkconfig.h:484: warning: "CONFIG_LWIP_TCP_SND_BUF_DEFAULT" 
redefined
 #define CONFIG_LWIP_TCP_SND_BUF_DEFAULT 5760
 
<command-line>: note: this is the location of the previous definition
In file included from C:/Users/sjfau/.platformio/packages/framework-arduinoespres
sif32/cores/esp32/USBMSC.h:18,
                 from C:/Users/sjfau/.platformio/packages/framework-arduinoespres
sif32/cores/esp32/FirmwareMSC.h:17,
                 from C:/Users/sjfau/.platformio/packages/framework-arduinoespres
sif32/cores/esp32/FirmwareMSC.cpp:14:
C:/Users/sjfau/.platformio/packages/framework-arduinoespressif32/tools/sdk/esp32/
dio_qspi/include/sdkconfig.h:485: warning: "CONFIG_LWIP_TCP_WND_DEFAULT" 
redefined
 #define CONFIG_LWIP_TCP_WND_DEFAULT 5760
 
<command-line>: note: this is the location of the previous definition
In file included from C:/Users/sjfau/.platformio/packages/framework-arduinoespres
sif32/cores/esp32/USBMSC.h:18,
                 from C:/Users/sjfau/.platformio/packages/framework-arduinoespres
sif32/cores/esp32/FirmwareMSC.h:17,
                 from C:/Users/sjfau/.platformio/packages/framework-arduinoespres
sif32/cores/esp32/FirmwareMSC.cpp:14:
C:/Users/sjfau/.platformio/packages/framework-arduinoespressif32/tools/sdk/esp32/
dio_qspi/include/sdkconfig.h:486: warning: "CONFIG_LWIP_TCP_RECVMBOX_SIZE" 
redefined
 #define CONFIG_LWIP_TCP_RECVMBOX_SIZE 6
 
<command-line>: note: this is the location of the previous definition
Compiling .pio\build\esp32dev\FrameworkArduino\IPAddress.cpp.o
Compiling .pio\build\esp32dev\FrameworkArduino\IPv6Address.cpp.o
Compiling .pio\build\esp32dev\FrameworkArduino\MD5Builder.cpp.o
Archiving .pio\build\esp32dev\lib5bc\libPreferences.a
Compiling .pio\build\esp32dev\FrameworkArduino\Print.cpp.o
Archiving .pio\build\esp32dev\lib5f5\libUpdate.a
Compiling .pio\build\esp32dev\FrameworkArduino\Stream.cpp.o
Archiving .pio\build\esp32dev\lib7d1\libESPmDNS.a
Compiling .pio\build\esp32dev\FrameworkArduino\StreamString.cpp.o
Archiving .pio\build\esp32dev\lib80d\libDNSServer.a
Compiling .pio\build\esp32dev\FrameworkArduino\Tone.cpp.o
Archiving .pio\build\esp32dev\libb8c\libArduinoOTA.a
Compiling .pio\build\esp32dev\FrameworkArduino\USB.cpp.o
Archiving .pio\build\esp32dev\lib402\libSPIFFS.a
In file included from C:/Users/sjfau/.platformio/packages/framework-arduinoespres
sif32/cores/esp32/USB.h:16,
                 from C:/Users/sjfau/.platformio/packages/framework-arduinoespres
sif32/cores/esp32/USB.cpp:14:
C:/Users/sjfau/.platformio/packages/framework-arduinoespressif32/tools/sdk/esp32/
dio_qspi/include/sdkconfig.h:484: warning: "CONFIG_LWIP_TCP_SND_BUF_DEFAULT" 
redefined
 #define CONFIG_LWIP_TCP_SND_BUF_DEFAULT 5760
 
<command-line>: note: this is the location of the previous definition
In file included from C:/Users/sjfau/.platformio/packages/framework-arduinoespres
sif32/cores/esp32/USB.h:16,
                 from C:/Users/sjfau/.platformio/packages/framework-arduinoespres
sif32/cores/esp32/USB.cpp:14:
C:/Users/sjfau/.platformio/packages/framework-arduinoespressif32/tools/sdk/esp32/
dio_qspi/include/sdkconfig.h:485: warning: "CONFIG_LWIP_TCP_WND_DEFAULT" 
redefined
 #define CONFIG_LWIP_TCP_WND_DEFAULT 5760
 
<command-line>: note: this is the location of the previous definition
In file included from C:/Users/sjfau/.platformio/packages/framework-arduinoespres
sif32/cores/esp32/USB.h:16,
                 from C:/Users/sjfau/.platformio/packages/framework-arduinoespres
sif32/cores/esp32/USB.cpp:14:
C:/Users/sjfau/.platformio/packages/framework-arduinoespressif32/tools/sdk/esp32/
dio_qspi/include/sdkconfig.h:486: warning: "CONFIG_LWIP_TCP_RECVMBOX_SIZE" 
redefined
 #define CONFIG_LWIP_TCP_RECVMBOX_SIZE 6
 
<command-line>: note: this is the location of the previous definition
Compiling .pio\build\esp32dev\FrameworkArduino\USBCDC.cpp.o
Compiling .pio\build\esp32dev\FrameworkArduino\USBMSC.cpp.o
Compiling .pio\build\esp32dev\FrameworkArduino\WMath.cpp.o
In file included from C:/Users/sjfau/.platformio/packages/framework-arduinoespres
sif32/cores/esp32/USB.h:16,
                 from C:/Users/sjfau/.platformio/packages/framework-arduinoespres
sif32/cores/esp32/USBCDC.cpp:14:
C:/Users/sjfau/.platformio/packages/framework-arduinoespressif32/tools/sdk/esp32/
dio_qspi/include/sdkconfig.h:484: warning: "CONFIG_LWIP_TCP_SND_BUF_DEFAULT" 
redefined
 #define CONFIG_LWIP_TCP_SND_BUF_DEFAULT 5760
 
<command-line>: note: this is the location of the previous definition
In file included from C:/Users/sjfau/.platformio/packages/framework-arduinoespres
sif32/cores/esp32/USB.h:16,
                 from C:/Users/sjfau/.platformio/packages/framework-arduinoespres
sif32/cores/esp32/USBCDC.cpp:14:
C:/Users/sjfau/.platformio/packages/framework-arduinoespressif32/tools/sdk/esp32/
dio_qspi/include/sdkconfig.h:485: warning: "CONFIG_LWIP_TCP_WND_DEFAULT" 
redefined
 #define CONFIG_LWIP_TCP_WND_DEFAULT 5760
 
<command-line>: note: this is the location of the previous definition
In file included from C:/Users/sjfau/.platformio/packages/framework-arduinoespres
sif32/cores/esp32/USB.h:16,
                 from C:/Users/sjfau/.platformio/packages/framework-arduinoespres
sif32/cores/esp32/USBCDC.cpp:14:
C:/Users/sjfau/.platformio/packages/framework-arduinoespressif32/tools/sdk/esp32/
dio_qspi/include/sdkconfig.h:486: warning: "CONFIG_LWIP_TCP_RECVMBOX_SIZE" 
redefined
 #define CONFIG_LWIP_TCP_RECVMBOX_SIZE 6
 
<command-line>: note: this is the location of the previous definition
In file included from C:/Users/sjfau/.platformio/packages/framework-arduinoespres
sif32/cores/esp32/USBMSC.h:18,
                 from C:/Users/sjfau/.platformio/packages/framework-arduinoespres
sif32/cores/esp32/USBMSC.cpp:14:
C:/Users/sjfau/.platformio/packages/framework-arduinoespressif32/tools/sdk/esp32/
dio_qspi/include/sdkconfig.h:484: warning: "CONFIG_LWIP_TCP_SND_BUF_DEFAULT" 
redefined
 #define CONFIG_LWIP_TCP_SND_BUF_DEFAULT 5760
 
<command-line>: note: this is the location of the previous definition
In file included from C:/Users/sjfau/.platformio/packages/framework-arduinoespres
sif32/cores/esp32/USBMSC.h:18,
                 from C:/Users/sjfau/.platformio/packages/framework-arduinoespres
sif32/cores/esp32/USBMSC.cpp:14:
C:/Users/sjfau/.platformio/packages/framework-arduinoespressif32/tools/sdk/esp32/
dio_qspi/include/sdkconfig.h:485: warning: "CONFIG_LWIP_TCP_WND_DEFAULT" 
redefined
 #define CONFIG_LWIP_TCP_WND_DEFAULT 5760
 
<command-line>: note: this is the location of the previous definition
In file included from C:/Users/sjfau/.platformio/packages/framework-arduinoespres
sif32/cores/esp32/USBMSC.h:18,
                 from C:/Users/sjfau/.platformio/packages/framework-arduinoespres
sif32/cores/esp32/USBMSC.cpp:14:
C:/Users/sjfau/.platformio/packages/framework-arduinoespressif32/tools/sdk/esp32/
dio_qspi/include/sdkconfig.h:486: warning: "CONFIG_LWIP_TCP_RECVMBOX_SIZE" 
redefined
 #define CONFIG_LWIP_TCP_RECVMBOX_SIZE 6
 
<command-line>: note: this is the location of the previous definition
Compiling .pio\build\esp32dev\FrameworkArduino\WString.cpp.o
Compiling .pio\build\esp32dev\FrameworkArduino\base64.cpp.o
Compiling .pio\build\esp32dev\FrameworkArduino\cbuf.cpp.o
Compiling .pio\build\esp32dev\FrameworkArduino\esp32-hal-adc.c.o
Compiling .pio\build\esp32dev\FrameworkArduino\esp32-hal-bt.c.o
Compiling .pio\build\esp32dev\FrameworkArduino\esp32-hal-cpu.c.o
Compiling .pio\build\esp32dev\FrameworkArduino\esp32-hal-dac.c.o
In file included from C:/Users/sjfau/.platformio/packages/framework-arduinoespres
sif32/cores/esp32/esp32-hal-cpu.c:15:
C:/Users/sjfau/.platformio/packages/framework-arduinoespressif32/tools/sdk/esp32/
dio_qspi/include/sdkconfig.h:484: warning: "CONFIG_LWIP_TCP_SND_BUF_DEFAULT" 
redefined
 #define CONFIG_LWIP_TCP_SND_BUF_DEFAULT 5760
 
<command-line>: note: this is the location of the previous definition
In file included from C:/Users/sjfau/.platformio/packages/framework-arduinoespres
sif32/cores/esp32/esp32-hal-cpu.c:15:
C:/Users/sjfau/.platformio/packages/framework-arduinoespressif32/tools/sdk/esp32/
dio_qspi/include/sdkconfig.h:485: warning: "CONFIG_LWIP_TCP_WND_DEFAULT" 
redefined
 #define CONFIG_LWIP_TCP_WND_DEFAULT 5760
 
<command-line>: note: this is the location of the previous definition
In file included from C:/Users/sjfau/.platformio/packages/framework-arduinoespres
sif32/cores/esp32/esp32-hal-cpu.c:15:
C:/Users/sjfau/.platformio/packages/framework-arduinoespressif32/tools/sdk/esp32/
dio_qspi/include/sdkconfig.h:486: warning: "CONFIG_LWIP_TCP_RECVMBOX_SIZE" 
redefined
 #define CONFIG_LWIP_TCP_RECVMBOX_SIZE 6
 
<command-line>: note: this is the location of the previous definition
Compiling .pio\build\esp32dev\FrameworkArduino\esp32-hal-gpio.c.o
Compiling .pio\build\esp32dev\FrameworkArduino\esp32-hal-i2c-slave.c.o
Compiling .pio\build\esp32dev\FrameworkArduino\esp32-hal-i2c.c.o
Compiling .pio\build\esp32dev\FrameworkArduino\esp32-hal-ledc.c.o
Compiling .pio\build\esp32dev\FrameworkArduino\esp32-hal-matrix.c.o
Compiling .pio\build\esp32dev\FrameworkArduino\esp32-hal-misc.c.o
Compiling .pio\build\esp32dev\FrameworkArduino\esp32-hal-psram.c.o
Compiling .pio\build\esp32dev\FrameworkArduino\esp32-hal-rgb-led.c.o
Compiling .pio\build\esp32dev\FrameworkArduino\esp32-hal-rmt.c.o
In file included from C:/Users/sjfau/.platformio/packages/framework-arduinoespres
sif32/cores/esp32/esp32-hal-misc.c:15:
C:/Users/sjfau/.platformio/packages/framework-arduinoespressif32/tools/sdk/esp32/
dio_qspi/include/sdkconfig.h:484: warning: "CONFIG_LWIP_TCP_SND_BUF_DEFAULT" 
redefined
 #define CONFIG_LWIP_TCP_SND_BUF_DEFAULT 5760
 
<command-line>: note: this is the location of the previous definition
In file included from C:/Users/sjfau/.platformio/packages/framework-arduinoespres
sif32/cores/esp32/esp32-hal-misc.c:15:
C:/Users/sjfau/.platformio/packages/framework-arduinoespressif32/tools/sdk/esp32/
dio_qspi/include/sdkconfig.h:485: warning: "CONFIG_LWIP_TCP_WND_DEFAULT" 
redefined
 #define CONFIG_LWIP_TCP_WND_DEFAULT 5760
 
<command-line>: note: this is the location of the previous definition
In file included from C:/Users/sjfau/.platformio/packages/framework-arduinoespres
sif32/cores/esp32/esp32-hal-misc.c:15:
C:/Users/sjfau/.platformio/packages/framework-arduinoespressif32/tools/sdk/esp32/
dio_qspi/include/sdkconfig.h:486: warning: "CONFIG_LWIP_TCP_RECVMBOX_SIZE" 
redefined
 #define CONFIG_LWIP_TCP_RECVMBOX_SIZE 6
 
<command-line>: note: this is the location of the previous definition
Compiling .pio\build\esp32dev\FrameworkArduino\esp32-hal-sigmadelta.c.o
Compiling .pio\build\esp32dev\FrameworkArduino\esp32-hal-spi.c.o
In file included from C:/Users/sjfau/.platformio/packages/framework-arduinoespres
sif32/cores/esp32/esp32-hal-spi.h:22,
                 from C:/Users/sjfau/.platformio/packages/framework-arduinoespres
sif32/cores/esp32/esp32-hal-spi.c:15:
C:/Users/sjfau/.platformio/packages/framework-arduinoespressif32/tools/sdk/esp32/
dio_qspi/include/sdkconfig.h:484: warning: "CONFIG_LWIP_TCP_SND_BUF_DEFAULT" 
redefined
 #define CONFIG_LWIP_TCP_SND_BUF_DEFAULT 5760
 
<command-line>: note: this is the location of the previous definition
In file included from C:/Users/sjfau/.platformio/packages/framework-arduinoespres
sif32/cores/esp32/esp32-hal-spi.h:22,
                 from C:/Users/sjfau/.platformio/packages/framework-arduinoespres
sif32/cores/esp32/esp32-hal-spi.c:15:
C:/Users/sjfau/.platformio/packages/framework-arduinoespressif32/tools/sdk/esp32/
dio_qspi/include/sdkconfig.h:485: warning: "CONFIG_LWIP_TCP_WND_DEFAULT" 
redefined
 #define CONFIG_LWIP_TCP_WND_DEFAULT 5760
 
<command-line>: note: this is the location of the previous definition
In file included from C:/Users/sjfau/.platformio/packages/framework-arduinoespres
sif32/cores/esp32/esp32-hal-spi.h:22,
                 from C:/Users/sjfau/.platformio/packages/framework-arduinoespres
sif32/cores/esp32/esp32-hal-spi.c:15:
C:/Users/sjfau/.platformio/packages/framework-arduinoespressif32/tools/sdk/esp32/
dio_qspi/include/sdkconfig.h:486: warning: "CONFIG_LWIP_TCP_RECVMBOX_SIZE" 
redefined
 #define CONFIG_LWIP_TCP_RECVMBOX_SIZE 6
 
<command-line>: note: this is the location of the previous definition
Compiling .pio\build\esp32dev\FrameworkArduino\esp32-hal-time.c.o
Compiling .pio\build\esp32dev\FrameworkArduino\esp32-hal-timer.c.o
Compiling .pio\build\esp32dev\FrameworkArduino\esp32-hal-tinyusb.c.o
In file included from C:/Users/sjfau/.platformio/packages/framework-arduinoespres
sif32/cores/esp32/esp32-hal-tinyusb.c:2:
C:/Users/sjfau/.platformio/packages/framework-arduinoespressif32/tools/sdk/esp32/
dio_qspi/include/sdkconfig.h:484: warning: "CONFIG_LWIP_TCP_SND_BUF_DEFAULT" 
redefined
 #define CONFIG_LWIP_TCP_SND_BUF_DEFAULT 5760
 
<command-line>: note: this is the location of the previous definition
In file included from C:/Users/sjfau/.platformio/packages/framework-arduinoespres
sif32/cores/esp32/esp32-hal-tinyusb.c:2:
C:/Users/sjfau/.platformio/packages/framework-arduinoespressif32/tools/sdk/esp32/
dio_qspi/include/sdkconfig.h:485: warning: "CONFIG_LWIP_TCP_WND_DEFAULT" 
redefined
 #define CONFIG_LWIP_TCP_WND_DEFAULT 5760
 
<command-line>: note: this is the location of the previous definition
In file included from C:/Users/sjfau/.platformio/packages/framework-arduinoespres
sif32/cores/esp32/esp32-hal-tinyusb.c:2:
C:/Users/sjfau/.platformio/packages/framework-arduinoespressif32/tools/sdk/esp32/
dio_qspi/include/sdkconfig.h:486: warning: "CONFIG_LWIP_TCP_RECVMBOX_SIZE" 
redefined
 #define CONFIG_LWIP_TCP_RECVMBOX_SIZE 6
 
<command-line>: note: this is the location of the previous definition
Compiling .pio\build\esp32dev\FrameworkArduino\esp32-hal-touch.c.o
Compiling .pio\build\esp32dev\FrameworkArduino\esp32-hal-uart.c.o
Compiling .pio\build\esp32dev\FrameworkArduino\firmware_msc_fat.c.o
Compiling .pio\build\esp32dev\FrameworkArduino\libb64\cdecode.c.o
In file included from C:/Users/sjfau/.platformio/packages/framework-arduinoespres
sif32/tools/sdk/esp32/include/soc/esp32/include/soc/soc_caps.h:33,
                 from C:/Users/sjfau/.platformio/packages/framework-arduinoespres
sif32/cores/esp32/esp32-hal-touch.c:15:
C:/Users/sjfau/.platformio/packages/framework-arduinoespressif32/tools/sdk/esp32/
dio_qspi/include/sdkconfig.h:484: warning: "CONFIG_LWIP_TCP_SND_BUF_DEFAULT" 
redefined
 #define CONFIG_LWIP_TCP_SND_BUF_DEFAULT 5760
 
<command-line>: note: this is the location of the previous definition
In file included from C:/Users/sjfau/.platformio/packages/framework-arduinoespres
sif32/tools/sdk/esp32/include/soc/esp32/include/soc/soc_caps.h:33,
                 from C:/Users/sjfau/.platformio/packages/framework-arduinoespres
sif32/cores/esp32/esp32-hal-touch.c:15:
C:/Users/sjfau/.platformio/packages/framework-arduinoespressif32/tools/sdk/esp32/
dio_qspi/include/sdkconfig.h:485: warning: "CONFIG_LWIP_TCP_WND_DEFAULT" 
redefined
 #define CONFIG_LWIP_TCP_WND_DEFAULT 5760
 
<command-line>: note: this is the location of the previous definition
In file included from C:/Users/sjfau/.platformio/packages/framework-arduinoespres
sif32/tools/sdk/esp32/include/soc/esp32/include/soc/soc_caps.h:33,
                 from C:/Users/sjfau/.platformio/packages/framework-arduinoespres
sif32/cores/esp32/esp32-hal-touch.c:15:
C:/Users/sjfau/.platformio/packages/framework-arduinoespressif32/tools/sdk/esp32/
dio_qspi/include/sdkconfig.h:486: warning: "CONFIG_LWIP_TCP_RECVMBOX_SIZE" 
redefined
 #define CONFIG_LWIP_TCP_RECVMBOX_SIZE 6
 
<command-line>: note: this is the location of the previous definition
Compiling .pio\build\esp32dev\FrameworkArduino\libb64\cencode.c.o
Compiling .pio\build\esp32dev\FrameworkArduino\main.cpp.o
Compiling .pio\build\esp32dev\FrameworkArduino\stdlib_noniso.c.o
Compiling .pio\build\esp32dev\FrameworkArduino\wiring_pulse.c.o
Compiling .pio\build\esp32dev\FrameworkArduino\wiring_shift.c.o
In file included from C:/Users/sjfau/.platformio/packages/framework-arduinoespres
sif32/tools/sdk/esp32/include/freertos/include/esp_additions/freertos/FreeRTOSCon
fig.h:10,
                 from C:/Users/sjfau/.platformio/packages/framework-arduinoespres
sif32/tools/sdk/esp32/include/freertos/include/freertos/FreeRTOS.h:57,
                 from C:/Users/sjfau/.platformio/packages/framework-arduinoespres
sif32/cores/esp32/main.cpp:1:
C:/Users/sjfau/.platformio/packages/framework-arduinoespressif32/tools/sdk/esp32/
dio_qspi/include/sdkconfig.h:484: warning: "CONFIG_LWIP_TCP_SND_BUF_DEFAULT" 
redefined
 #define CONFIG_LWIP_TCP_SND_BUF_DEFAULT 5760
 
<command-line>: note: this is the location of the previous definition
In file included from C:/Users/sjfau/.platformio/packages/framework-arduinoespres
sif32/tools/sdk/esp32/include/freertos/include/esp_additions/freertos/FreeRTOSCon
fig.h:10,
                 from C:/Users/sjfau/.platformio/packages/framework-arduinoespres
sif32/tools/sdk/esp32/include/freertos/include/freertos/FreeRTOS.h:57,
                 from C:/Users/sjfau/.platformio/packages/framework-arduinoespres
sif32/cores/esp32/main.cpp:1:
C:/Users/sjfau/.platformio/packages/framework-arduinoespressif32/tools/sdk/esp32/
dio_qspi/include/sdkconfig.h:485: warning: "CONFIG_LWIP_TCP_WND_DEFAULT" 
redefined
 #define CONFIG_LWIP_TCP_WND_DEFAULT 5760
 
<command-line>: note: this is the location of the previous definition
In file included from C:/Users/sjfau/.platformio/packages/framework-arduinoespres
sif32/tools/sdk/esp32/include/freertos/include/esp_additions/freertos/FreeRTOSCon
fig.h:10,
                 from C:/Users/sjfau/.platformio/packages/framework-arduinoespres
sif32/tools/sdk/esp32/include/freertos/include/freertos/FreeRTOS.h:57,
                 from C:/Users/sjfau/.platformio/packages/framework-arduinoespres
sif32/cores/esp32/main.cpp:1:
C:/Users/sjfau/.platformio/packages/framework-arduinoespressif32/tools/sdk/esp32/
dio_qspi/include/sdkconfig.h:486: warning: "CONFIG_LWIP_TCP_RECVMBOX_SIZE" 
redefined
 #define CONFIG_LWIP_TCP_RECVMBOX_SIZE 6
 
<command-line>: note: this is the location of the previous definition
Archiving .pio\build\esp32dev\libFrameworkArduino.a
Linking .pio\build\esp32dev\firmware.elf
Retrieving maximum program size .pio\build\esp32dev\firmware.elf
Checking size .pio\build\esp32dev\firmware.elf
Advanced Memory Usage is available via "PlatformIO Home > Project Inspect"
RAM:   [===       ]  26.1% (used 85528 bytes from 327680 bytes)
Flash: [====      ]  38.6% (used 1215505 bytes from 3145728 bytes)
Building .pio\build\esp32dev\firmware.bin
esptool.py v4.5.1
Creating esp32 image...
Merged 27 ELF sections
Successfully created esp32 image.
========================= [SUCCESS] Took 56.13 seconds =========================

Environment    Status    Duration
-------------  --------  ------------
esp32dev       SUCCESS   00:00:56.130
========================= 1 succeeded in 00:00:56.130 =========================
